2025-10-29T10:41:49.575+07:00  INFO 21700 --- [dxc-qm-rtp-national-criminal-offense-service] [main] [                                                 ] o.s.c.c.c.ConfigServerConfigDataLoader   : Fetching config from server at : http://config-01.dxc.go.th:8888/
2025-10-29T10:41:49.580+07:00  INFO 21700 --- [dxc-qm-rtp-national-criminal-offense-service] [main] [                                                 ] o.s.c.c.c.ConfigServerConfigDataLoader   : Located environment: name=dxc-qm-rtp-national-criminal-offense-service, profiles=[prd], label=null, version=8765f2d05d7029505b477188be00e0fcaee040ec, state=null
2025-10-29T10:41:49.583+07:00  INFO 21700 --- [dxc-qm-rtp-national-criminal-offense-service] [main] [                                                 ] o.s.c.c.c.ConfigServerConfigDataLoader   : Fetching config from server at : http://config-01.dxc.go.th:8888/
2025-10-29T10:41:49.584+07:00  INFO 21700 --- [dxc-qm-rtp-national-criminal-offense-service] [main] [                                                 ] o.s.c.c.c.ConfigServerConfigDataLoader   : Located environment: name=dxc-qm-rtp-national-criminal-offense-service, profiles=[default], label=null, version=8765f2d05d7029505b477188be00e0fcaee040ec, state=null
2025-10-29T10:41:51.808+07:00  INFO 21700 --- [dxc-qm-rtp-national-criminal-offense-service] [main] [                                                 ] .s.d.r.c.RepositoryConfigurationDelegate : Bootstrapping Spring Data JPA repositories in DEFAULT mode.
2025-10-29T10:41:52.016+07:00  INFO 21700 --- [dxc-qm-rtp-national-criminal-offense-service] [main] [                                                 ] .s.d.r.c.RepositoryConfigurationDelegate : Finished Spring Data repository scanning in 193 ms. Found 1 JPA repository interface.
2025-10-29T10:41:53.046+07:00  INFO 21700 --- [dxc-qm-rtp-national-criminal-offense-service] [main] [                                                 ] o.s.cloud.context.scope.GenericScope     : BeanFactory id=6d3119f9-fdb6-37aa-b42b-20100c4013f1
2025-10-29T10:41:53.502+07:00  WARN 21700 --- [dxc-qm-rtp-national-criminal-offense-service] [main] [                                                 ] trationDelegate$BeanPostProcessorChecker : Bean 'org.springframework.cloud.client.loadbalancer.LoadBalancerAutoConfiguration$DeferringLoadBalancerInterceptorConfig' of type [org.springframework.cloud.client.loadbalancer.LoadBalancerAutoConfiguration$DeferringLoadBalancerInterceptorConfig] is not eligible for getting processed by all BeanPostProcessors (for example: not eligible for auto-proxying). The currently created BeanPostProcessor [lbRestClientPostProcessor] is declared through a non-static factory method on that class; consider declaring it as static instead.
2025-10-29T10:41:53.506+07:00  WARN 21700 --- [dxc-qm-rtp-national-criminal-offense-service] [main] [                                                 ] trationDelegate$BeanPostProcessorChecker : Bean 'deferringLoadBalancerInterceptor' of type [org.springframework.cloud.client.loadbalancer.DeferringLoadBalancerInterceptor] is not eligible for getting processed by all BeanPostProcessors (for example: not eligible for auto-proxying). Is this bean getting eagerly injected/applied to a currently created BeanPostProcessor [lbRestClientPostProcessor]? Check the corresponding BeanPostProcessor declaration and its dependencies/advisors. If this bean does not have to be post-processed, declare it with ROLE_INFRASTRUCTURE.
2025-10-29T10:41:53.510+07:00  WARN 21700 --- [dxc-qm-rtp-national-criminal-offense-service] [main] [                                                 ] trationDelegate$BeanPostProcessorChecker : Bean 'org.springframework.cloud.client.loadbalancer.reactive.LoadBalancerBeanPostProcessorAutoConfiguration' of type [org.springframework.cloud.client.loadbalancer.reactive.LoadBalancerBeanPostProcessorAutoConfiguration] is not eligible for getting processed by all BeanPostProcessors (for example: not eligible for auto-proxying). The currently created BeanPostProcessor [loadBalancerWebClientBuilderBeanPostProcessor] is declared through a non-static factory method on that class; consider declaring it as static instead.
2025-10-29T10:41:53.513+07:00  WARN 21700 --- [dxc-qm-rtp-national-criminal-offense-service] [main] [                                                 ] trationDelegate$BeanPostProcessorChecker : Bean 'org.springframework.cloud.client.loadbalancer.reactive.LoadBalancerBeanPostProcessorAutoConfiguration$ReactorDeferringLoadBalancerFilterConfig' of type [org.springframework.cloud.client.loadbalancer.reactive.LoadBalancerBeanPostProcessorAutoConfiguration$ReactorDeferringLoadBalancerFilterConfig] is not eligible for getting processed by all BeanPostProcessors (for example: not eligible for auto-proxying). Is this bean getting eagerly injected/applied to a currently created BeanPostProcessor [loadBalancerWebClientBuilderBeanPostProcessor]? Check the corresponding BeanPostProcessor declaration and its dependencies/advisors. If this bean does not have to be post-processed, declare it with ROLE_INFRASTRUCTURE.
2025-10-29T10:41:53.516+07:00  WARN 21700 --- [dxc-qm-rtp-national-criminal-offense-service] [main] [                                                 ] trationDelegate$BeanPostProcessorChecker : Bean 'reactorDeferringLoadBalancerExchangeFilterFunction' of type [org.springframework.cloud.client.loadbalancer.reactive.DeferringLoadBalancerExchangeFilterFunction] is not eligible for getting processed by all BeanPostProcessors (for example: not eligible for auto-proxying). Is this bean getting eagerly injected/applied to a currently created BeanPostProcessor [loadBalancerWebClientBuilderBeanPostProcessor]? Check the corresponding BeanPostProcessor declaration and its dependencies/advisors. If this bean does not have to be post-processed, declare it with ROLE_INFRASTRUCTURE.
2025-10-29T10:41:53.934+07:00  WARN 21700 --- [dxc-qm-rtp-national-criminal-offense-service] [main] [                                                 ] ConfigServletWebServerApplicationContext : Exception encountered during context initialization - cancelling refresh attempt: org.springframework.context.ApplicationContextException: Unable to start web server
2025-10-29T10:41:53.958+07:00  INFO 21700 --- [dxc-qm-rtp-national-criminal-offense-service] [main] [                                                 ] .s.b.a.l.ConditionEvaluationReportLogger : 

Error starting ApplicationContext. To display the condition evaluation report re-run your application with 'debug' enabled.
2025-10-29T10:41:53.989+07:00 ERROR 21700 --- [dxc-qm-rtp-national-criminal-offense-service] [main] [                                                 ] o.s.boot.SpringApplication               : Application run failed

org.springframework.context.ApplicationContextException: Unable to start web server
	at org.springframework.boot.web.servlet.context.ServletWebServerApplicationContext.onRefresh(ServletWebServerApplicationContext.java:165) ~[spring-boot-3.3.7.jar:3.3.7]
	at org.springframework.context.support.AbstractApplicationContext.refresh(AbstractApplicationContext.java:619) ~[spring-context-6.1.16.jar:6.1.16]
	at org.springframework.boot.web.servlet.context.ServletWebServerApplicationContext.refresh(ServletWebServerApplicationContext.java:146) ~[spring-boot-3.3.7.jar:3.3.7]
	at org.springframework.boot.SpringApplication.refresh(SpringApplication.java:754) ~[spring-boot-3.3.7.jar:3.3.7]
	at org.springframework.boot.SpringApplication.refreshContext(SpringApplication.java:456) ~[spring-boot-3.3.7.jar:3.3.7]
	at org.springframework.boot.SpringApplication.run(SpringApplication.java:335) ~[spring-boot-3.3.7.jar:3.3.7]
	at org.springframework.boot.SpringApplication.run(SpringApplication.java:1363) ~[spring-boot-3.3.7.jar:3.3.7]
	at org.springframework.boot.SpringApplication.run(SpringApplication.java:1352) ~[spring-boot-3.3.7.jar:3.3.7]
	at th.go.dxc.DxcQmRtpNationalCriminalOffenseServiceApplication.main(DxcQmRtpNationalCriminalOffenseServiceApplication.java:10) ~[classes/:na]
Caused by: java.lang.IllegalStateException: Unable to create key store: Could not load store from '/opt/app/cert/dxc.go.th.pfx'
	at org.springframework.boot.ssl.jks.JksSslStoreBundle.createKeyStore(JksSslStoreBundle.java:112) ~[spring-boot-3.3.7.jar:3.3.7]
	at org.springframework.boot.ssl.jks.JksSslStoreBundle.lambda$new$0(JksSslStoreBundle.java:75) ~[spring-boot-3.3.7.jar:3.3.7]
	at org.springframework.util.function.SingletonSupplier.get(SingletonSupplier.java:106) ~[spring-core-6.1.16.jar:6.1.16]
	at org.springframework.boot.ssl.jks.JksSslStoreBundle.getKeyStore(JksSslStoreBundle.java:81) ~[spring-boot-3.3.7.jar:3.3.7]
	at org.springframework.boot.web.server.WebServerSslBundle.createKeyStore(WebServerSslBundle.java:157) ~[spring-boot-3.3.7.jar:3.3.7]
	at org.springframework.boot.web.server.WebServerSslBundle.createStoreBundle(WebServerSslBundle.java:147) ~[spring-boot-3.3.7.jar:3.3.7]
	at org.springframework.boot.web.server.WebServerSslBundle.get(WebServerSslBundle.java:142) ~[spring-boot-3.3.7.jar:3.3.7]
	at org.springframework.boot.web.server.AbstractConfigurableWebServerFactory.getSslBundle(AbstractConfigurableWebServerFactory.java:198) ~[spring-boot-3.3.7.jar:3.3.7]
	at org.springframework.boot.web.embedded.tomcat.TomcatServletWebServerFactory.customizeSsl(TomcatServletWebServerFactory.java:383) ~[spring-boot-3.3.7.jar:3.3.7]
	at org.springframework.boot.web.embedded.tomcat.TomcatServletWebServerFactory.customizeConnector(TomcatServletWebServerFactory.java:359) ~[spring-boot-3.3.7.jar:3.3.7]
	at org.springframework.boot.web.embedded.tomcat.TomcatServletWebServerFactory.getWebServer(TomcatServletWebServerFactory.java:212) ~[spring-boot-3.3.7.jar:3.3.7]
	at org.springframework.boot.web.servlet.context.ServletWebServerApplicationContext.createWebServer(ServletWebServerApplicationContext.java:188) ~[spring-boot-3.3.7.jar:3.3.7]
	at org.springframework.boot.web.servlet.context.ServletWebServerApplicationContext.onRefresh(ServletWebServerApplicationContext.java:162) ~[spring-boot-3.3.7.jar:3.3.7]
	... 8 common frames omitted
Caused by: java.lang.IllegalStateException: Could not load store from '/opt/app/cert/dxc.go.th.pfx'
	at org.springframework.boot.ssl.jks.JksSslStoreBundle.loadKeyStore(JksSslStoreBundle.java:140) ~[spring-boot-3.3.7.jar:3.3.7]
	at org.springframework.boot.ssl.jks.JksSslStoreBundle.createKeyStore(JksSslStoreBundle.java:107) ~[spring-boot-3.3.7.jar:3.3.7]
	... 20 common frames omitted
Caused by: java.io.FileNotFoundException: \opt\app\cert\dxc.go.th.pfx
	at org.springframework.core.io.FileSystemResource.getInputStream(FileSystemResource.java:196) ~[spring-core-6.1.16.jar:6.1.16]
	at org.springframework.boot.ssl.jks.JksSslStoreBundle.loadKeyStore(JksSslStoreBundle.java:135) ~[spring-boot-3.3.7.jar:3.3.7]
	... 21 common frames omitted

